ASxxxx Linker V03.00 + NoICE + sdld,  page 1.
Hexadecimal  [32-Bits]

Area                                    Addr        Size        Decimal Bytes (Attributes)
--------------------------------        ----        ----        ------- ----- ------------
.  .ABS.                            00000000    00000000 =           0. bytes (ABS,CON)

      Value  Global                              Global Defined In Module
      -----  --------------------------------   ------------------------
     00000000  .__.ABS.                           z80system
     00000000  l__CABS                         
     00000000  l__DABS                         
     00000000  l__GSFINAL                      
     00000000  l__GSINIT                       
     00000000  l__HOME                         
     00000000  l__INITIALIZED                  
     00000000  l__INITIALIZER                  
     00000000  s__CABS                         
     00000000  s__CODE                         
     00000000  s__DABS                         
     00000001  l__DATA                         
     00000259  l__CODE                         
     00004000  s__DATA                         
     00004001  s__GSFINAL                      
     00004001  s__GSINIT                       
     00004001  s__HOME                         
     00004001  s__INITIALIZED                  
     00004001  s__INITIALIZER                  

ASxxxx Linker V03.00 + NoICE + sdld,  page 2.
Hexadecimal  [32-Bits]

Area                                    Addr        Size        Decimal Bytes (Attributes)
--------------------------------        ----        ----        ------- ----- ------------
_CODE                               00000000    00000259 =         601. bytes (REL,CON)

      Value  Global                              Global Defined In Module
      -----  --------------------------------   ------------------------
     00000000  _LCD_ShowBin                       z80lcd
     00000000  _LCD_ShowBin_start                 z80lcd
     00000065  _LCD_Init                          z80lcd
     00000065  _LCD_Init_start                    z80lcd
     00000065  _LCD_ShowBin_end                   z80lcd
     000000EE  _LCD_DispString                    z80lcd
     000000EE  _LCD_DispString_start              z80lcd
     000000EE  _LCD_Init_end                      z80lcd
     00000116  _LCD_DispChar                      z80lcd
     00000116  _LCD_DispChar_start                z80lcd
     00000116  _LCD_DispString_end                z80lcd
     00000145  _LCD_DispChar_end                  z80lcd
     00000145  _LCD_SendNibble                    z80lcd
     00000145  _LCD_SendNibble_start              z80lcd
     00000178  _LCD_ClearScreen                   z80lcd
     00000178  _LCD_ClearScreen_start             z80lcd
     00000178  _LCD_SendNibble_end                z80lcd
     00000188  _LCD_ClearScreen_end               z80lcd
     00000188  _delay_ms                          z80system
     00000188  _delay_ms_start                    z80system
     000001A6  _charToHexStr                      z80system
     000001A6  _charToHexStr_start                z80system
     000001A6  _delay_ms_end                      z80system
     00000207  _charToHexStr_end                  z80system
     00000207  _writeByteToMemory                 z80system
     00000207  _writeByteToMemory_start           z80system
     00000216  _writeBufferToMemory               z80system
     00000216  _writeBufferToMemory_start         z80system
     00000216  _writeByteToMemory_end             z80system
     00000253  _readByteFromMemory                z80system
     00000253  _readByteFromMemory_start          z80system
     00000253  _writeBufferToMemory_end           z80system
     00000259  _readByteFromMemory_end            z80system
ASxxxx Linker V03.00 + NoICE + sdld,  page 3.
Hexadecimal  [32-Bits]

Area                                    Addr        Size        Decimal Bytes (Attributes)
--------------------------------        ----        ----        ------- ----- ------------
_DATA                               00004000    00000001 =           1. bytes (REL,CON)

      Value  Global                              Global Defined In Module
      -----  --------------------------------   ------------------------
ASxxxx Linker V03.00 + NoICE + sdld,  page 4.

Files Linked                              [ module(s) ]

z80lcd.rel                                [ z80lcd ]
z80system.rel                             [ z80system ]

ASxxxx Linker V03.00 + NoICE + sdld,  page 5.

User Base Address Definitions

_CODE = 0x0000
_DATA = 0x4000

