ASxxxx Linker V03.00 + NoICE + sdld,  page 1.
Hexadecimal  [32-Bits]

Area                                    Addr        Size        Decimal Bytes (Attributes)
--------------------------------        ----        ----        ------- ----- ------------
.  .ABS.                            00000000    00000000 =           0. bytes (ABS,CON)

      Value  Global                              Global Defined In Module
      -----  --------------------------------   ------------------------
     00000000  .__.ABS.                           z80sio
     00000000  l__CABS                         
     00000000  l__DABS                         
     00000000  l__DATA                         
     00000000  l__GSFINAL                      
     00000000  l__GSINIT                       
     00000000  l__HOME                         
     00000000  l__INITIALIZED                  
     00000000  l__INITIALIZER                  
     00000000  s__CABS                         
     00000000  s__CODE                         
     00000000  s__DABS                         
     000002C7  l__CODE                         
     00004000  s__DATA                         
     00004000  s__GSFINAL                      
     00004000  s__GSINIT                       
     00004000  s__HOME                         
     00004000  s__INITIALIZED                  
     00004000  s__INITIALIZER                  

ASxxxx Linker V03.00 + NoICE + sdld,  page 2.
Hexadecimal  [32-Bits]

Area                                    Addr        Size        Decimal Bytes (Attributes)
--------------------------------        ----        ----        ------- ----- ------------
_CODE                               00000000    000002C7 =         711. bytes (REL,CON)

      Value  Global                              Global Defined In Module
      -----  --------------------------------   ------------------------
     00000000  _main                              test
     00000000  _main_start                        test
     00000079  _main_end                          test
     000000B2  _delay_ms                          z80system
     000000B2  _delay_ms_start                    z80system
     000000D0  _LCD_ShowBin                       z80lcd
     000000D0  _LCD_ShowBin_start                 z80lcd
     000000D0  _delay_ms_end                      z80system
     00000135  _LCD_Init                          z80lcd
     00000135  _LCD_Init_start                    z80lcd
     00000135  _LCD_ShowBin_end                   z80lcd
     000001BE  _LCD_DispString                    z80lcd
     000001BE  _LCD_DispString_start              z80lcd
     000001BE  _LCD_Init_end                      z80lcd
     000001E6  _LCD_DispChar                      z80lcd
     000001E6  _LCD_DispChar_start                z80lcd
     000001E6  _LCD_DispString_end                z80lcd
     00000215  _LCD_DispChar_end                  z80lcd
     00000215  _LCD_SendNibble                    z80lcd
     00000215  _LCD_SendNibble_start              z80lcd
     00000248  _LCD_ClearScreen                   z80lcd
     00000248  _LCD_ClearScreen_start             z80lcd
     00000248  _LCD_SendNibble_end                z80lcd
     00000258  _LCD_ClearScreen_end               z80lcd
     00000258  _SIO_Init                          z80sio
     00000258  _SIO_Init_start                    z80sio
     00000289  _SIO_Init_end                      z80sio
     00000289  _SIO_SendChar                      z80sio
     00000289  _SIO_SendChar_start                z80sio
     0000029F  _SIO_SendChar_end                  z80sio
     0000029F  _SIO_SendString                    z80sio
     0000029F  _SIO_SendString_start              z80sio
     000002C7  _SIO_SendString_end                z80sio
ASxxxx Linker V03.00 + NoICE + sdld,  page 3.

Files Linked                              [ module(s) ]

test.rel                                  [ test ]
z80system.rel                             [ z80system ]
z80lcd.rel                                [ z80lcd ]
z80sio.rel                                [ z80sio ]

ASxxxx Linker V03.00 + NoICE + sdld,  page 4.

User Base Address Definitions

_CODE = 0x0000
_DATA = 0x4000

