ASxxxx Linker V03.00 + NoICE + sdld,  page 1.
Hexadecimal  [32-Bits]

Area                                    Addr        Size        Decimal Bytes (Attributes)
--------------------------------        ----        ----        ------- ----- ------------
.  .ABS.                            00000000    00000000 =           0. bytes (ABS,CON)

      Value  Global                              Global Defined In Module
      -----  --------------------------------   ------------------------
     00000000  .__.ABS.                           z80sio
     00000000  l__CABS                         
     00000000  l__DABS                         
     00000000  l__DATA                         
     00000000  l__GSFINAL                      
     00000000  l__GSINIT                       
     00000000  l__HOME                         
     00000000  l__INITIALIZED                  
     00000000  l__INITIALIZER                  
     00000000  s__CABS                         
     00000000  s__CODE                         
     00000000  s__DABS                         
     0000006F  l__CODE                         
     00004000  s__DATA                         
     00004000  s__GSFINAL                      
     00004000  s__GSINIT                       
     00004000  s__HOME                         
     00004000  s__INITIALIZED                  
     00004000  s__INITIALIZER                  

ASxxxx Linker V03.00 + NoICE + sdld,  page 2.
Hexadecimal  [32-Bits]

Area                                    Addr        Size        Decimal Bytes (Attributes)
--------------------------------        ----        ----        ------- ----- ------------
_CODE                               00000000    0000006F =         111. bytes (REL,CON)

      Value  Global                              Global Defined In Module
      -----  --------------------------------   ------------------------
     00000000  _SIO_Init                          z80sio
     00000000  _SIO_Init_start                    z80sio
     00000031  _SIO_Init_end                      z80sio
     00000031  _SIO_SendChar                      z80sio
     00000031  _SIO_SendChar_start                z80sio
     00000047  _SIO_SendChar_end                  z80sio
     00000047  _SIO_SendString                    z80sio
     00000047  _SIO_SendString_start              z80sio
     0000006F  _SIO_SendString_end                z80sio
ASxxxx Linker V03.00 + NoICE + sdld,  page 3.

Files Linked                              [ module(s) ]

z80sio.rel                                [ z80sio ]

ASxxxx Linker V03.00 + NoICE + sdld,  page 4.

User Base Address Definitions

_CODE = 0x0000
_DATA = 0x4000

